;; numbers replaced with XXX by redact-gensyms.scm
;; prefixes: (tmp g scm:)

Note: Type mismatch (scrutiny-tests-2.scm:XXX) 
  At toplevel
  In predicate call

    (scheme#pair? p)

  Predicate call will always return true.

  Procedure `pair?' from module `scheme' is a predicate for

    pair

  The given argument has type

    pair

Note: Type mismatch (scrutiny-tests-2.scm:XXX) 
  At toplevel
  In predicate call

    (scheme#pair? l)

  Predicate call will always return false.

  Procedure `pair?' from module `scheme' is a predicate for

    pair

  The given argument has type

    null

Note: Type mismatch (scrutiny-tests-2.scm:XXX) 
  At toplevel
  In predicate call

    (scheme#pair? n)

  Predicate call will always return false.

  Procedure `pair?' from module `scheme' is a predicate for

    pair

  The given argument has type

    null

Note: Type mismatch (scrutiny-tests-2.scm:XXX) 
  At toplevel
  In predicate call

    (scheme#pair? i)

  Predicate call will always return false.

  Procedure `pair?' from module `scheme' is a predicate for

    pair

  The given argument has type

    fixnum

Note: Type mismatch (scrutiny-tests-2.scm:XXX) 
  At toplevel
  In predicate call

    (scheme#pair? f)

  Predicate call will always return false.

  Procedure `pair?' from module `scheme' is a predicate for

    pair

  The given argument has type

    float

Note: Type mismatch (scrutiny-tests-2.scm:XXX) 
  At toplevel
  In predicate call

    (scheme#list? l)

  Predicate call will always return true.

  Procedure `list?' from module `scheme' is a predicate for

    list

  The given argument has type

    null

Note: Type mismatch (scrutiny-tests-2.scm:XXX) 
  At toplevel
  In predicate call

    (scheme#list? n)

  Predicate call will always return true.

  Procedure `list?' from module `scheme' is a predicate for

    list

  The given argument has type

    null

Note: Type mismatch (scrutiny-tests-2.scm:XXX) 
  At toplevel
  In predicate call

    (scheme#list? i)

  Predicate call will always return false.

  Procedure `list?' from module `scheme' is a predicate for

    list

  The given argument has type

    fixnum

Note: Type mismatch (scrutiny-tests-2.scm:XXX) 
  At toplevel
  In predicate call

    (scheme#list? f)

  Predicate call will always return false.

  Procedure `list?' from module `scheme' is a predicate for

    list

  The given argument has type

    float

Note: Type mismatch (scrutiny-tests-2.scm:XXX) 
  At toplevel
  In predicate call

    (scheme#null? n)

  Predicate call will always return true.

  Procedure `null?' from module `scheme' is a predicate for

    null

  The given argument has type

    null

Note: Type mismatch (scrutiny-tests-2.scm:XXX) 
  At toplevel
  In predicate call

    (scheme#null? l)

  Predicate call will always return true.

  Procedure `null?' from module `scheme' is a predicate for

    null

  The given argument has type

    null

Note: Type mismatch (scrutiny-tests-2.scm:XXX) 
  At toplevel
  In predicate call

    (scheme#null? p)

  Predicate call will always return false.

  Procedure `null?' from module `scheme' is a predicate for

    null

  The given argument has type

    pair

Note: Type mismatch (scrutiny-tests-2.scm:XXX) 
  At toplevel
  In predicate call

    (scheme#null? i)

  Predicate call will always return false.

  Procedure `null?' from module `scheme' is a predicate for

    null

  The given argument has type

    fixnum

Note: Type mismatch (scrutiny-tests-2.scm:XXX) 
  At toplevel
  In predicate call

    (scheme#null? f)

  Predicate call will always return false.

  Procedure `null?' from module `scheme' is a predicate for

    null

  The given argument has type

    float

Note: Type mismatch (scrutiny-tests-2.scm:XXX) 
  At toplevel
  In predicate call

    (chicken.base#fixnum? i)

  Predicate call will always return true.

  Procedure `fixnum?' from module `chicken.base' is a predicate for

    fixnum

  The given argument has type

    fixnum

Note: Type mismatch (scrutiny-tests-2.scm:XXX) 
  At toplevel
  In predicate call

    (chicken.base#fixnum? f)

  Predicate call will always return false.

  Procedure `fixnum?' from module `chicken.base' is a predicate for

    fixnum

  The given argument has type

    float

Note: Type mismatch (scrutiny-tests-2.scm:XXX) 
  At toplevel
  In predicate call

    (chicken.base#flonum? f)

  Predicate call will always return true.

  Procedure `flonum?' from module `chicken.base' is a predicate for

    float

  The given argument has type

    float

Note: Type mismatch (scrutiny-tests-2.scm:XXX) 
  At toplevel
  In predicate call

    (chicken.base#flonum? i)

  Predicate call will always return false.

  Procedure `flonum?' from module `chicken.base' is a predicate for

    float

  The given argument has type

    fixnum

Note: Type mismatch (scrutiny-tests-2.scm:XXX) 
  At toplevel
  In predicate call

    (scheme#number? i)

  Predicate call will always return true.

  Procedure `number?' from module `scheme' is a predicate for

    number

  The given argument has type

    fixnum

Note: Type mismatch (scrutiny-tests-2.scm:XXX) 
  At toplevel
  In predicate call

    (scheme#number? f)

  Predicate call will always return true.

  Procedure `number?' from module `scheme' is a predicate for

    number

  The given argument has type

    float

Note: Type mismatch (scrutiny-tests-2.scm:XXX) 
  At toplevel
  In predicate call

    (scheme#number? u)

  Predicate call will always return true.

  Procedure `number?' from module `scheme' is a predicate for

    number

  The given argument has type

    number

Note: Type mismatch (scrutiny-tests-2.scm:XXX) 
  At toplevel
  In predicate call

    (scheme#number? n)

  Predicate call will always return false.

  Procedure `number?' from module `scheme' is a predicate for

    number

  The given argument has type

    null
