
Note: at toplevel:
  (scrutiny-tests-2.scm:20) in procedure call to `scheme#pair?', the predicate is called with an argument of type `pair' and will always return true

Note: at toplevel:
  (scrutiny-tests-2.scm:20) in procedure call to `scheme#pair?', the predicate is called with an argument of type `null' and will always return false

Note: at toplevel:
  (scrutiny-tests-2.scm:20) in procedure call to `scheme#pair?', the predicate is called with an argument of type `null' and will always return false

Note: at toplevel:
  (scrutiny-tests-2.scm:20) in procedure call to `scheme#pair?', the predicate is called with an argument of type `fixnum' and will always return false

Note: at toplevel:
  (scrutiny-tests-2.scm:20) in procedure call to `scheme#pair?', the predicate is called with an argument of type `float' and will always return false

Note: at toplevel:
  (scrutiny-tests-2.scm:21) in procedure call to `scheme#list?', the predicate is called with an argument of type `null' and will always return true

Note: at toplevel:
  (scrutiny-tests-2.scm:21) in procedure call to `scheme#list?', the predicate is called with an argument of type `null' and will always return true

Note: at toplevel:
  (scrutiny-tests-2.scm:21) in procedure call to `scheme#list?', the predicate is called with an argument of type `fixnum' and will always return false

Note: at toplevel:
  (scrutiny-tests-2.scm:21) in procedure call to `scheme#list?', the predicate is called with an argument of type `float' and will always return false

Note: at toplevel:
  (scrutiny-tests-2.scm:22) in procedure call to `scheme#null?', the predicate is called with an argument of type `null' and will always return true

Note: at toplevel:
  (scrutiny-tests-2.scm:22) in procedure call to `scheme#null?', the predicate is called with an argument of type `null' and will always return true

Note: at toplevel:
  (scrutiny-tests-2.scm:22) in procedure call to `scheme#null?', the predicate is called with an argument of type `pair' and will always return false

Note: at toplevel:
  (scrutiny-tests-2.scm:22) in procedure call to `scheme#null?', the predicate is called with an argument of type `fixnum' and will always return false

Note: at toplevel:
  (scrutiny-tests-2.scm:22) in procedure call to `scheme#null?', the predicate is called with an argument of type `float' and will always return false

Note: at toplevel:
  (scrutiny-tests-2.scm:23) in procedure call to `chicken.base#fixnum?', the predicate is called with an argument of type `fixnum' and will always return true

Note: at toplevel:
  (scrutiny-tests-2.scm:23) in procedure call to `chicken.base#fixnum?', the predicate is called with an argument of type `float' and will always return false

Note: at toplevel:
  (scrutiny-tests-2.scm:25) in procedure call to `chicken.base#flonum?', the predicate is called with an argument of type `float' and will always return true

Note: at toplevel:
  (scrutiny-tests-2.scm:25) in procedure call to `chicken.base#flonum?', the predicate is called with an argument of type `fixnum' and will always return false

Note: at toplevel:
  (scrutiny-tests-2.scm:27) in procedure call to `scheme#number?', the predicate is called with an argument of type `fixnum' and will always return true

Note: at toplevel:
  (scrutiny-tests-2.scm:27) in procedure call to `scheme#number?', the predicate is called with an argument of type `float' and will always return true

Note: at toplevel:
  (scrutiny-tests-2.scm:27) in procedure call to `scheme#number?', the predicate is called with an argument of type `number' and will always return true

Note: at toplevel:
  (scrutiny-tests-2.scm:27) in procedure call to `scheme#number?', the predicate is called with an argument of type `null' and will always return false
